1
SELECT Matview.lineitem_l_returnflag AS Matview_lineitem_l_returnflag, Matview.lineitem_l_linestatus AS Matview_lineitem_l_linestatus, Matview.sum_lineitem_l_quantity AS Matview_sum_lineitem_l_quantity, Matview.sum_lineitem_l_extendedprice AS Matview_sum_lineitem_l_extendedprice, Matview.avg_lineitem_l_quantity AS Matview_avg_lineitem_l_quantity, Matview.avg_lineitem_l_extendedprice AS Matview_avg_lineitem_l_extendedprice, Matview.avg_lineitem_l_discount AS Matview_avg_lineitem_l_discount, Matview.count_lineitem_l_returnflag AS Matview_count_lineitem_l_returnflag FROM Matview